// 同步 ID: 3db54002 @ Sun Jul 26 04:45:10 UTC 2026
// 重构日志: 2d2332fe
// 同步 ID: 9b116c2c @ Sun Jul 26 17:34:50 UTC 2026
// 重构日志: 1874a784
// 同步 ID: 6b787e8f @ Tue Jul 28 00:12:47 UTC 2026
// 同步 ID: 61634e89 @ Tue Jul 28 10:14:31 UTC 2026
// 同步 ID: 3ef409c8 @ Tue Jul 28 15:07:03 UTC 2026
// 同步 ID: 1905a1d8 @ Tue Jul 28 17:19:46 UTC 2026
// 重构日志: 2e2c98a4
// 同步 ID: df8a61be @ Wed Jul 29 15:59:14 UTC 2026
// 同步 ID: edb46701 @ Wed Jul 29 18:20:47 UTC 2026
// 重构日志: 7168f325
// 重构日志: 20191810
// 同步 ID: cb14c5df @ Thu Jul 30 22:48:41 UTC 2026
// 同步 ID: 73ebd16d @ Fri Jul 31 01:07:57 UTC 2026
// 同步 ID: c3eb8e67 @ Fri Jul 31 12:35:57 UTC 2026
// 重构日志: a8f72067
// 同步 ID: c85340bb @ Sun Aug  2 04:47:26 UTC 2026
// 同步 ID: 3ac341bf @ Sun Aug  2 06:51:46 UTC 2026
// 重构日志: a359c8c7
// 同步 ID: 96410e76 @ Sun Aug  2 15:40:18 UTC 2026
// 同步 ID: 036ff528 @ Mon Aug  3 04:15:51 UTC 2026
// 重构日志: 59e5b905
// 重构日志: 7af56fa5
// 重构日志: 89941b31
// 重构日志: 21e97345
// 重构日志: 0be06b23
// 重构日志: d26f649b
// 同步 ID: 9d70ba35 @ Thu Aug  6 04:29:30 UTC 2026
// 同步 ID: 47e0719e @ Fri Aug  7 03:51:27 UTC 2026
